// Jest Snapshot v1, https://goo.gl/fbAQLP

exports[`RegisterScreen renders correctly 1`] = `undefined`;
